<html>
	<head>
	    <title>Hello, World!</title>
        <script type="text/javascript" src="jquery.js"></script>
	</head>
	<body>asdf
		<div class="main">
			<h1>First Post</h1>
			<p>This is the first post, and I apologize if there is little to no valuable content within.</p>
			<p>This is the body of the post, indicating that there should be some length and content available to parse and read out. It would be nice to perhaps include some Lorem Ipsum in the mix, but I think that babbling and barfing text in to the text editor is more fun and entertaining.</p>
			<div class="comments">
				<div class="comment">
					<span class="text">More Hello, World!</span>
				</div>
			</div>
		</div>
		<div class="">
			<div class="">
				<h2>First Post</h2>
				<p>This is the first post, and I apologize if there is little to no valuable content within.</p>
				<p>This is the body of the post, indicating that there should be some length and content available to parse and read out. It would be nice to perhaps include some Lorem Ipsum in the mix, but I think that babbling and barfing text in to the text editor is more fun and entertaining.</p>
			</div>
		</div>
	</body>
</html>